// Jest Snapshot v1, https://goo.gl/fbAQLP

exports[`Weapon Curated Roll component renders correct elements and data 1`] = `
Array [
  <h3
    className="section-header"
  >
    Curated Roll
  </h3>,
  <p
    className="curated-roll-info"
  >
     Not all curated rolls actually drop in-game.
  </p>,
  <ul
    className="curated-roll-perks"
  >
    <li
      data-perkindex={0}
      data-testid="perk0"
      onMouseEnter={[MockFunction]}
      onMouseLeave={[MockFunction]}
      onMouseMove={[MockFunction]}
    >
      <img
        alt="Wolfpack Rounds"
        className="curated-roll-perk perk"
        src="https://www.bungie.net/common/destiny2_content/icons/9581a5329d9eff75cb770180cc644ced.png"
      />
    </li>
    <li
      data-perkindex={1}
      data-testid="perk1"
      onMouseEnter={[MockFunction]}
      onMouseLeave={[MockFunction]}
      onMouseMove={[MockFunction]}
    >
      <img
        alt="Volatile Launch"
        className="curated-roll-perk perk"
        src="https://www.bungie.net/common/destiny2_content/icons/d255c9140cf640cfc820f995d1c1e96a.png"
      />
    </li>
    <li
      data-perkindex={2}
      data-testid="perk2"
      onMouseEnter={[MockFunction]}
      onMouseLeave={[MockFunction]}
      onMouseMove={[MockFunction]}
    >
      <img
        alt="Alloy Casing"
        className="curated-roll-perk perk"
        src="https://www.bungie.net/common/destiny2_content/icons/e02a542e5162c002112c21b6fdf2e86b.png"
      />
    </li>
    <li
      data-perkindex={3}
      data-testid="perk3"
      onMouseEnter={[MockFunction]}
      onMouseLeave={[MockFunction]}
      onMouseMove={[MockFunction]}
    >
      <img
        alt="Pack Hunter"
        className="curated-roll-perk perk"
        src="https://www.bungie.net/common/destiny2_content/icons/5e8be152a38c4acd61b2a9e56671cc83.png"
      />
    </li>
    <li
      data-perkindex={4}
      data-testid="perk4"
      onMouseEnter={[MockFunction]}
      onMouseLeave={[MockFunction]}
      onMouseMove={[MockFunction]}
    >
      <img
        alt="Short-Action Stock"
        className="curated-roll-perk perk"
        src="https://www.bungie.net/common/destiny2_content/icons/47f90d3f25a517166933f2b4eb38e9aa.png"
      />
    </li>
  </ul>,
]
`;
